
> v_nexus@0.1.0 build
> next build

node.exe : 
[baseline-browser-mapping] The 
data in this module is over two 
months old.  To ensure accurate 
Baseline data, please update: 
`npm i 
baseline-browser-mapping@latest 
-D`
At line:1 char:1
+ & "C:\Program 
Files\nodejs/node.exe" 
"C:\Users\vuppa\AppData\Roaming\ 
...
+ ~~~~~~~~~~~~~~~~~~~~~~~~~~~~~~~~
~~~~~~~~~~~~~~~~~~~~~~~~~~~~~~~~~~
~~~
    + CategoryInfo          : Not 
   Specified: ([baseline-brows..  
  .ping@latest -D`:String) [],    
 RemoteException
    + FullyQualifiedErrorId : Nat 
   iveCommandError
 
   Γû▓ Next.js 16.0.10 (Turbopack)
   - Environments: .env.local

   Creating an optimized production build ...
[baseline-browser-mapping] The 
data in this module is over two 
months old.  To ensure accurate 
Baseline data, please update: 
`npm i 
baseline-browser-mapping@latest 
-D`
 Γ£ô Compiled successfully in 11.3s
   Running TypeScript ...
   Collecting page data using 15 workers ...
[baseline-browser-mapping] The 
data in this module is over two 
months old.  To ensure accurate 
Baseline data, please update: 
`npm i 
baseline-browser-mapping@latest 
-D`
[baseline-browser-mapping] The 
data in this module is over two 
months old.  To ensure accurate 
Baseline data, please update: 
`npm i 
baseline-browser-mapping@latest 
-D`
[baseline-browser-mapping] The 
data in this module is over two 
months old.  To ensure accurate 
Baseline data, please update: 
`npm i 
baseline-browser-mapping@latest 
-D`
[baseline-browser-mapping] The 
data in this module is over two 
months old.  To ensure accurate 
Baseline data, please update: 
`npm i 
baseline-browser-mapping@latest 
-D`
[baseline-browser-mapping] The 
data in this module is over two 
months old.  To ensure accurate 
Baseline data, please update: 
`npm i 
baseline-browser-mapping@latest 
-D`
[baseline-browser-mapping] The 
data in this module is over two 
months old.  To ensure accurate 
Baseline data, please update: 
`npm i 
baseline-browser-mapping@latest 
-D`
[baseline-browser-mapping] The 
data in this module is over two 
months old.  To ensure accurate 
Baseline data, please update: 
`npm i 
baseline-browser-mapping@latest 
-D`
[baseline-browser-mapping] The 
data in this module is over two 
months old.  To ensure accurate 
Baseline data, please update: 
`npm i 
baseline-browser-mapping@latest 
-D`
[baseline-browser-mapping] The 
data in this module is over two 
months old.  To ensure accurate 
Baseline data, please update: 
`npm i 
baseline-browser-mapping@latest 
-D`
[baseline-browser-mapping] The 
data in this module is over two 
months old.  To ensure accurate 
Baseline data, please update: 
`npm i 
baseline-browser-mapping@latest 
-D`
[baseline-browser-mapping] The 
data in this module is over two 
months old.  To ensure accurate 
Baseline data, please update: 
`npm i 
baseline-browser-mapping@latest 
-D`
[baseline-browser-mapping] The 
data in this module is over two 
months old.  To ensure accurate 
Baseline data, please update: 
`npm i 
baseline-browser-mapping@latest 
-D`
[baseline-browser-mapping] The 
data in this module is over two 
months old.  To ensure accurate 
Baseline data, please update: 
`npm i 
baseline-browser-mapping@latest 
-D`
[baseline-browser-mapping] The 
data in this module is over two 
months old.  To ensure accurate 
Baseline data, please update: 
`npm i 
baseline-browser-mapping@latest 
-D`
[baseline-browser-mapping] The 
data in this module is over two 
months old.  To ensure accurate 
Baseline data, please update: 
`npm i 
baseline-browser-mapping@latest 
-D`
   Generating static pages using 15 workers (0/31) ...
[baseline-browser-mapping] The 
data in this module is over two 
months old.  To ensure accurate 
Baseline data, please update: 
`npm i 
baseline-browser-mapping@latest 
-D`
[baseline-browser-mapping] The 
data in this module is over two 
months old.  To ensure accurate 
Baseline data, please update: 
`npm i 
baseline-browser-mapping@latest 
-D`
   Generating static pages using 15 workers (7/31) 
   Generating static pages using 15 workers (15/31) 
   Generating static pages using 15 workers (23/31) 
 Γ£ô Generating static pages using 15 workers (31/31) in 734.5ms
   Finalizing page optimization ...

Route (app)
Γöî ╞Æ /
Γö£ ╞Æ /_not-found
Γö£ ╞Æ /api/debug/auth-check
Γö£ ╞Æ /api/debug/db-check
Γö£ ╞Æ /api/debug/schema-check
Γö£ ╞Æ /api/user/data
Γö£ ╞Æ /auth/auth-code-error
Γö£ ╞Æ /auth/callback
Γö£ ╞Æ /dashboard
Γö£ ╞Æ /dashboard/admin
Γö£ ╞Æ /dashboard/analytics
Γö£ ╞Æ /dashboard/categories
Γö£ ╞Æ /dashboard/categories/[id]
Γö£ ╞Æ /dashboard/chat
Γö£ ╞Æ /dashboard/chat/[teamId]
Γö£ ╞Æ /dashboard/chat/[teamId]/project/[projectId]
Γö£ ╞Æ /dashboard/collections
Γö£ ╞Æ /dashboard/collections/[id]
Γö£ ╞Æ /dashboard/finances
Γö£ ╞Æ /dashboard/goals
Γö£ ╞Æ /dashboard/habits
Γö£ ╞Æ /dashboard/notes
Γö£ ╞Æ /dashboard/paths
Γö£ ╞Æ /dashboard/paths/[id]/edit
Γö£ ╞Æ /dashboard/paths/new
Γö£ ╞Æ /dashboard/projects/[projectId]/notes
Γö£ ╞Æ /dashboard/projects/[projectId]/paths
Γö£ ╞Æ /dashboard/projects/[projectId]/resources
Γö£ ╞Æ /dashboard/resources
Γö£ ╞Æ /dashboard/resources/[id]
Γö£ ╞Æ /dashboard/resources/[id]/edit
Γö£ ╞Æ /dashboard/resources/new
Γö£ ╞Æ /dashboard/roadmaps
Γö£ ╞Æ /dashboard/roadmaps/[id]
Γö£ ╞Æ /dashboard/settings
Γö£ ╞Æ /dashboard/tasks
Γö£ ╞Æ /dashboard/teams
Γö£ ╞Æ /dashboard/teams/[teamId]/shared
Γö£ ╞Æ /login
Γö£ ╞Æ /signup
Γö£ ╞Æ /signup/verified
Γöö ╞Æ /signup/verify-email


╞Æ Proxy (Middleware)

╞Æ  (Dynamic)  server-rendered on demand

